// Jest Snapshot v1, https://goo.gl/fbAQLP

exports[`test AddNoteScrren should match to snapshot 1`] = `undefined`;
