// Jest Snapshot v1, https://goo.gl/fbAQLP

exports[`test Dashboard should match to snapshot 1`] = `ShallowWrapper {}`;
