// Jest Snapshot v1, https://goo.gl/fbAQLP

exports[`test LabelAppbar should match to snapshot 1`] = `ShallowWrapper {}`;
