// Jest Snapshot v1, https://goo.gl/fbAQLP

exports[`test NoteView should match to snapshot 1`] = `ShallowWrapper {}`;
