// Jest Snapshot v1, https://goo.gl/fbAQLP

exports[`test Register should match to snapshot 1`] = `ShallowWrapper {}`;
