// Jest Snapshot v1, https://goo.gl/fbAQLP

exports[`test RegisterScreen should match to snapshot 1`] = `ShallowWrapper {}`;
